{
    "Should run without failures": {
        "content": [
            [
                {
                    "id": "2lXd1j7OwZVfxh",
                    "workspace": "community/showcase"
                },
                {
                    "id": "38QXz4OfQDpwOV",
                    "workspace": "community/showcase"
                },
                {
                    "id": "4Bi5xBK6E2Nbhj",
                    "workspace": "community/showcase"
                },
                {
                    "id": "4LWT4uaXDaGcDY",
                    "workspace": "community/showcase"
                }
            ]
        ],
        "timestamp": "2023-12-04T17:13:53.098963"
    }
}