{
    "Parameters: default": {
        "content": [
            {
                "0": [
                    
                ],
                "1": [
                    
                ],
                "multiqc_report": [
                    
                ],
                "versions": [
                    
                ]
            }
        ],
        "timestamp": "2023-12-04T10:38:26.10265603"
    },
    "Should run without failures": {
        "content": [
            [
                "versions.yml:md5,1294de7c9d8f7ce29bbb3a638ac1d108",
                "versions.yml:md5,43372d67fa3f029a02cc64a571d88e13"
            ]
        ],
        "timestamp": "2023-12-04T15:47:00.36029546"
    }
}