{
    "Should run without failures": {
        "content": [
            [
                
            ]
        ],
        "timestamp": "2023-11-28T16:52:51.371307827"
    }
}